2026-03-13 22:04:40,000 - ERROR - Проверка пути провалена: C:\Windows - Обнаружена системная папка ОС.
2026-03-13 22:05:46,776 - INFO - Проверка пути успешна: D:\Dev\FileFlow
2026-03-13 22:12:23,039 - INFO - Проверка пути успешна: D:\Dev\FileFlow\tests
2026-03-13 22:22:39,479 - INFO - Проверка пути успешна: D:\Dev\FileFlow\tests
2026-03-13 22:26:02,206 - INFO - Проверка пути успешна: D:\Dev\FileFlow\tests
2026-03-13 22:33:27,021 - INFO - Проверка пути успешна: D:\Dev\FileFlow\tests
2026-03-13 22:34:04,417 - INFO - === Запуск FileFlow для: D:\Dev\FileFlow\tests ===
2026-03-13 23:06:00,935 - INFO - === Запуск FileFlow для: D:/Dev/FileFlow/tests ===
2026-03-13 23:19:55,512 - INFO - === Запуск FileFlow для: D:/Dev/FileFlow/tests ===
2026-03-13 23:19:55,512 - INFO - ✅ Путь безопасен: D:/Dev/FileFlow/tests
2026-03-13 23:19:55,527 - INFO - 🛡️ Защищено проектов: 1
2026-03-13 23:19:55,544 - INFO - 📁 Всего файлов на обработку: 5
2026-03-13 23:19:55,554 - INFO - 🗑️ Найдено мусора: 2
2026-03-13 23:19:55,555 - INFO -    [DRY] В карантин: backup.bak
2026-03-13 23:19:55,556 - INFO -    [DRY] В карантин: temp..tmp
2026-03-13 23:19:55,557 - INFO -    [DRY] Переместить: Document.docx -> Documents
2026-03-13 23:19:55,558 - INFO -    [DRY] Переместить: old_foto.jpg -> Media/Images
2026-03-13 23:19:55,559 - INFO -    [DRY] Переместить: Photo.jpg -> Media/Images
2026-03-13 23:19:55,560 - INFO - 
=== Готово. Обработано файлов: 3 ===
2026-03-13 23:19:55,578 - INFO - ⚠️ Режим Dry Run — файлы не были перемещены!
